Archive member included to satisfy reference by file (symbol)

c:/st/stm32cubeide_1.11.0/stm32cubeide/plugins/com.st.stm32cube.ide.mcu.externaltools.gnu-tools-for-stm32.10.3-2021.10.win32_1.0.200.202301161003/tools/bin/../lib/gcc/arm-none-eabi/10.3.1/../../../../arm-none-eabi/lib/thumb/v8-m.main+fp/hard\libc_nano.a(lib_a-errno.o)
                              ./Core/Src/syscalls.o (__errno)
c:/st/stm32cubeide_1.11.0/stm32cubeide/plugins/com.st.stm32cube.ide.mcu.externaltools.gnu-tools-for-stm32.10.3-2021.10.win32_1.0.200.202301161003/tools/bin/../lib/gcc/arm-none-eabi/10.3.1/../../../../arm-none-eabi/lib/thumb/v8-m.main+fp/hard\libc_nano.a(lib_a-exit.o)
                              c:/st/stm32cubeide_1.11.0/stm32cubeide/plugins/com.st.stm32cube.ide.mcu.externaltools.gnu-tools-for-stm32.10.3-2021.10.win32_1.0.200.202301161003/tools/bin/../lib/gcc/arm-none-eabi/10.3.1/../../../../arm-none-eabi/lib/thumb/v8-m.main+fp/hard/crt0.o (exit)
c:/st/stm32cubeide_1.11.0/stm32cubeide/plugins/com.st.stm32cube.ide.mcu.externaltools.gnu-tools-for-stm32.10.3-2021.10.win32_1.0.200.202301161003/tools/bin/../lib/gcc/arm-none-eabi/10.3.1/../../../../arm-none-eabi/lib/thumb/v8-m.main+fp/hard\libc_nano.a(lib_a-impure.o)
                              c:/st/stm32cubeide_1.11.0/stm32cubeide/plugins/com.st.stm32cube.ide.mcu.externaltools.gnu-tools-for-stm32.10.3-2021.10.win32_1.0.200.202301161003/tools/bin/../lib/gcc/arm-none-eabi/10.3.1/../../../../arm-none-eabi/lib/thumb/v8-m.main+fp/hard\libc_nano.a(lib_a-exit.o) (_global_impure_ptr)
c:/st/stm32cubeide_1.11.0/stm32cubeide/plugins/com.st.stm32cube.ide.mcu.externaltools.gnu-tools-for-stm32.10.3-2021.10.win32_1.0.200.202301161003/tools/bin/../lib/gcc/arm-none-eabi/10.3.1/../../../../arm-none-eabi/lib/thumb/v8-m.main+fp/hard\libc_nano.a(lib_a-init.o)
                              c:/st/stm32cubeide_1.11.0/stm32cubeide/plugins/com.st.stm32cube.ide.mcu.externaltools.gnu-tools-for-stm32.10.3-2021.10.win32_1.0.200.202301161003/tools/bin/../lib/gcc/arm-none-eabi/10.3.1/../../../../arm-none-eabi/lib/thumb/v8-m.main+fp/hard/crt0.o (__libc_init_array)
c:/st/stm32cubeide_1.11.0/stm32cubeide/plugins/com.st.stm32cube.ide.mcu.externaltools.gnu-tools-for-stm32.10.3-2021.10.win32_1.0.200.202301161003/tools/bin/../lib/gcc/arm-none-eabi/10.3.1/../../../../arm-none-eabi/lib/thumb/v8-m.main+fp/hard\libc_nano.a(lib_a-memset.o)
                              c:/st/stm32cubeide_1.11.0/stm32cubeide/plugins/com.st.stm32cube.ide.mcu.externaltools.gnu-tools-for-stm32.10.3-2021.10.win32_1.0.200.202301161003/tools/bin/../lib/gcc/arm-none-eabi/10.3.1/../../../../arm-none-eabi/lib/thumb/v8-m.main+fp/hard/crt0.o (memset)
c:/st/stm32cubeide_1.11.0/stm32cubeide/plugins/com.st.stm32cube.ide.mcu.externaltools.gnu-tools-for-stm32.10.3-2021.10.win32_1.0.200.202301161003/tools/bin/../lib/gcc/arm-none-eabi/10.3.1/thumb/v8-m.main+fp/hard\libgcc.a(_aeabi_uldivmod.o)
                              ./Drivers/STM32U5xx_HAL_Driver/Src/stm32u5xx_hal_uart.o (__aeabi_uldivmod)
c:/st/stm32cubeide_1.11.0/stm32cubeide/plugins/com.st.stm32cube.ide.mcu.externaltools.gnu-tools-for-stm32.10.3-2021.10.win32_1.0.200.202301161003/tools/bin/../lib/gcc/arm-none-eabi/10.3.1/thumb/v8-m.main+fp/hard\libgcc.a(_udivmoddi4.o)
                              c:/st/stm32cubeide_1.11.0/stm32cubeide/plugins/com.st.stm32cube.ide.mcu.externaltools.gnu-tools-for-stm32.10.3-2021.10.win32_1.0.200.202301161003/tools/bin/../lib/gcc/arm-none-eabi/10.3.1/thumb/v8-m.main+fp/hard\libgcc.a(_aeabi_uldivmod.o) (__udivmoddi4)
c:/st/stm32cubeide_1.11.0/stm32cubeide/plugins/com.st.stm32cube.ide.mcu.externaltools.gnu-tools-for-stm32.10.3-2021.10.win32_1.0.200.202301161003/tools/bin/../lib/gcc/arm-none-eabi/10.3.1/thumb/v8-m.main+fp/hard\libgcc.a(_dvmd_tls.o)
                              c:/st/stm32cubeide_1.11.0/stm32cubeide/plugins/com.st.stm32cube.ide.mcu.externaltools.gnu-tools-for-stm32.10.3-2021.10.win32_1.0.200.202301161003/tools/bin/../lib/gcc/arm-none-eabi/10.3.1/thumb/v8-m.main+fp/hard\libgcc.a(_aeabi_uldivmod.o) (__aeabi_ldiv0)

Discarded input sections

 .text          0x0000000000000000        0x0 c:/st/stm32cubeide_1.11.0/stm32cubeide/plugins/com.st.stm32cube.ide.mcu.externaltools.gnu-tools-for-stm32.10.3-2021.10.win32_1.0.200.202301161003/tools/bin/../lib/gcc/arm-none-eabi/10.3.1/thumb/v8-m.main+fp/hard/crti.o
 .data          0x0000000000000000        0x0 c:/st/stm32cubeide_1.11.0/stm32cubeide/plugins/com.st.stm32cube.ide.mcu.externaltools.gnu-tools-for-stm32.10.3-2021.10.win32_1.0.200.202301161003/tools/bin/../lib/gcc/arm-none-eabi/10.3.1/thumb/v8-m.main+fp/hard/crti.o
 .bss           0x0000000000000000        0x0 c:/st/stm32cubeide_1.11.0/stm32cubeide/plugins/com.st.stm32cube.ide.mcu.externaltools.gnu-tools-for-stm32.10.3-2021.10.win32_1.0.200.202301161003/tools/bin/../lib/gcc/arm-none-eabi/10.3.1/thumb/v8-m.main+fp/hard/crti.o
[...]
Memory Configuration

Name             Origin             Length             Attributes
RAM              0x0000000020000000 0x00000000000c0000 xrw
SRAM4            0x0000000028000000 0x0000000000004000 xrw
FLASH            0x0000000008000000 0x0000000000200000 xr
*default*        0x0000000000000000 0xffffffffffffffff

Linker script and memory map

LOAD c:/st/stm32cubeide_1.11.0/stm32cubeide/plugins/com.st.stm32cube.ide.mcu.externaltools.gnu-tools-for-stm32.10.3-2021.10.win32_1.0.200.202301161003/tools/bin/../lib/gcc/arm-none-eabi/10.3.1/thumb/v8-m.main+fp/hard/crti.o
LOAD c:/st/stm32cubeide_1.11.0/stm32cubeide/plugins/com.st.stm32cube.ide.mcu.externaltools.gnu-tools-for-stm32.10.3-2021.10.win32_1.0.200.202301161003/tools/bin/../lib/gcc/arm-none-eabi/10.3.1/thumb/v8-m.main+fp/hard/crtbegin.o
LOAD c:/st/stm32cubeide_1.11.0/stm32cubeide/plugins/com.st.stm32cube.ide.mcu.externaltools.gnu-tools-for-stm32.10.3-2021.10.win32_1.0.200.202301161003/tools/bin/../lib/gcc/arm-none-eabi/10.3.1/../../../../arm-none-eabi/lib/thumb/v8-m.main+fp/hard/crt0.o
LOAD ./Core/Src/main.o
LOAD ./Core/Src/stm32u5xx_hal_msp.o
LOAD ./Core/Src/stm32u5xx_it.o
LOAD ./Core/Src/syscalls.o
LOAD ./Core/Src/sysmem.o
LOAD ./Core/Src/system_stm32u5xx.o
LOAD ./Core/Startup/startup_stm32u575zitxq.o
LOAD ./Drivers/STM32U5xx_HAL_Driver/Src/stm32u5xx_hal.o
LOAD ./Drivers/STM32U5xx_HAL_Driver/Src/stm32u5xx_hal_cortex.o
LOAD ./Drivers/STM32U5xx_HAL_Driver/Src/stm32u5xx_hal_dma.o
LOAD ./Drivers/STM32U5xx_HAL_Driver/Src/stm32u5xx_hal_dma_ex.o
LOAD ./Drivers/STM32U5xx_HAL_Driver/Src/stm32u5xx_hal_exti.o
LOAD ./Drivers/STM32U5xx_HAL_Driver/Src/stm32u5xx_hal_flash.o
LOAD ./Drivers/STM32U5xx_HAL_Driver/Src/stm32u5xx_hal_flash_ex.o
LOAD ./Drivers/STM32U5xx_HAL_Driver/Src/stm32u5xx_hal_gpio.o
LOAD ./Drivers/STM32U5xx_HAL_Driver/Src/stm32u5xx_hal_gtzc.o
LOAD ./Drivers/STM32U5xx_HAL_Driver/Src/stm32u5xx_hal_i2c.o
LOAD ./Drivers/STM32U5xx_HAL_Driver/Src/stm32u5xx_hal_i2c_ex.o
LOAD ./Drivers/STM32U5xx_HAL_Driver/Src/stm32u5xx_hal_icache.o
LOAD ./Drivers/STM32U5xx_HAL_Driver/Src/stm32u5xx_hal_pwr.o
LOAD ./Drivers/STM32U5xx_HAL_Driver/Src/stm32u5xx_hal_pwr_ex.o
LOAD ./Drivers/STM32U5xx_HAL_Driver/Src/stm32u5xx_hal_rcc.o
LOAD ./Drivers/STM32U5xx_HAL_Driver/Src/stm32u5xx_hal_rcc_ex.o
LOAD ./Drivers/STM32U5xx_HAL_Driver/Src/stm32u5xx_hal_tim.o
LOAD ./Drivers/STM32U5xx_HAL_Driver/Src/stm32u5xx_hal_tim_ex.o
LOAD ./Drivers/STM32U5xx_HAL_Driver/Src/stm32u5xx_hal_uart.o
LOAD ./Drivers/STM32U5xx_HAL_Driver/Src/stm32u5xx_hal_uart_ex.o
START GROUP
LOAD c:/st/stm32cubeide_1.11.0/stm32cubeide/plugins/com.st.stm32cube.ide.mcu.externaltools.gnu-tools-for-stm32.10.3-2021.10.win32_1.0.200.202301161003/tools/bin/../lib/gcc/arm-none-eabi/10.3.1/../../../../arm-none-eabi/lib/thumb/v8-m.main+fp/hard\libc_nano.a
LOAD c:/st/stm32cubeide_1.11.0/stm32cubeide/plugins/com.st.stm32cube.ide.mcu.externaltools.gnu-tools-for-stm32.10.3-2021.10.win32_1.0.200.202301161003/tools/bin/../lib/gcc/arm-none-eabi/10.3.1/../../../../arm-none-eabi/lib/thumb/v8-m.main+fp/hard\libm.a
END GROUP
START GROUP
LOAD c:/st/stm32cubeide_1.11.0/stm32cubeide/plugins/com.st.stm32cube.ide.mcu.externaltools.gnu-tools-for-stm32.10.3-2021.10.win32_1.0.200.202301161003/tools/bin/../lib/gcc/arm-none-eabi/10.3.1/thumb/v8-m.main+fp/hard\libgcc.a
LOAD c:/st/stm32cubeide_1.11.0/stm32cubeide/plugins/com.st.stm32cube.ide.mcu.externaltools.gnu-tools-for-stm32.10.3-2021.10.win32_1.0.200.202301161003/tools/bin/../lib/gcc/arm-none-eabi/10.3.1/../../../../arm-none-eabi/lib/thumb/v8-m.main+fp/hard\libc_nano.a
END GROUP
START GROUP
LOAD c:/st/stm32cubeide_1.11.0/stm32cubeide/plugins/com.st.stm32cube.ide.mcu.externaltools.gnu-tools-for-stm32.10.3-2021.10.win32_1.0.200.202301161003/tools/bin/../lib/gcc/arm-none-eabi/10.3.1/thumb/v8-m.main+fp/hard\libgcc.a
LOAD c:/st/stm32cubeide_1.11.0/stm32cubeide/plugins/com.st.stm32cube.ide.mcu.externaltools.gnu-tools-for-stm32.10.3-2021.10.win32_1.0.200.202301161003/tools/bin/../lib/gcc/arm-none-eabi/10.3.1/../../../../arm-none-eabi/lib/thumb/v8-m.main+fp/hard\libc_nano.a
LOAD c:/st/stm32cubeide_1.11.0/stm32cubeide/plugins/com.st.stm32cube.ide.mcu.externaltools.gnu-tools-for-stm32.10.3-2021.10.win32_1.0.200.202301161003/tools/bin/../lib/gcc/arm-none-eabi/10.3.1/../../../../arm-none-eabi/lib/thumb/v8-m.main+fp/hard\libnosys.a
END GROUP
START GROUP
LOAD c:/st/stm32cubeide_1.11.0/stm32cubeide/plugins/com.st.stm32cube.ide.mcu.externaltools.gnu-tools-for-stm32.10.3-2021.10.win32_1.0.200.202301161003/tools/bin/../lib/gcc/arm-none-eabi/10.3.1/thumb/v8-m.main+fp/hard\libgcc.a
LOAD c:/st/stm32cubeide_1.11.0/stm32cubeide/plugins/com.st.stm32cube.ide.mcu.externaltools.gnu-tools-for-stm32.10.3-2021.10.win32_1.0.200.202301161003/tools/bin/../lib/gcc/arm-none-eabi/10.3.1/../../../../arm-none-eabi/lib/thumb/v8-m.main+fp/hard\libc_nano.a
LOAD c:/st/stm32cubeide_1.11.0/stm32cubeide/plugins/com.st.stm32cube.ide.mcu.externaltools.gnu-tools-for-stm32.10.3-2021.10.win32_1.0.200.202301161003/tools/bin/../lib/gcc/arm-none-eabi/10.3.1/../../../../arm-none-eabi/lib/thumb/v8-m.main+fp/hard\libnosys.a
END GROUP
LOAD c:/st/stm32cubeide_1.11.0/stm32cubeide/plugins/com.st.stm32cube.ide.mcu.externaltools.gnu-tools-for-stm32.10.3-2021.10.win32_1.0.200.202301161003/tools/bin/../lib/gcc/arm-none-eabi/10.3.1/thumb/v8-m.main+fp/hard/crtend.o
LOAD c:/st/stm32cubeide_1.11.0/stm32cubeide/plugins/com.st.stm32cube.ide.mcu.externaltools.gnu-tools-for-stm32.10.3-2021.10.win32_1.0.200.202301161003/tools/bin/../lib/gcc/arm-none-eabi/10.3.1/thumb/v8-m.main+fp/hard/crtn.o
                0x00000000200c0000                _estack = (ORIGIN (RAM) + LENGTH (RAM))
                0x0000000000000200                _Min_Heap_Size = 0x200
                0x0000000000000400                _Min_Stack_Size = 0x400

.isr_vector     0x0000000008000000      0x238
 *(.isr_vector)
 .isr_vector    0x0000000008000000      0x238 ./Core/Startup/startup_stm32u575zitxq.o
                0x0000000008000000                g_pfnVectors

.text           0x0000000008000238     0x777c
 *(.text)
 .text          0x0000000008000238       0x40 c:/st/stm32cubeide_1.11.0/stm32cubeide/plugins/com.st.stm32cube.ide.mcu.externaltools.gnu-tools-for-stm32.10.3-2021.10.win32_1.0.200.202301161003/tools/bin/../lib/gcc/arm-none-eabi/10.3.1/thumb/v8-m.main+fp/hard/crtbegin.o
 .text          0x0000000008000278       0x30 c:/st/stm32cubeide_1.11.0/stm32cubeide/plugins/com.st.stm32cube.ide.mcu.externaltools.gnu-tools-for-stm32.10.3-2021.10.win32_1.0.200.202301161003/tools/bin/../lib/gcc/arm-none-eabi/10.3.1/thumb/v8-m.main+fp/hard\libgcc.a(_aeabi_uldivmod.o)
                0x0000000008000278                __aeabi_uldivmod
 .text          0x00000000080002a8      0x2ec c:/st/stm32cubeide_1.11.0/stm32cubeide/plugins/com.st.stm32cube.ide.mcu.externaltools.gnu-tools-for-stm32.10.3-2021.10.win32_1.0.200.202301161003/tools/bin/../lib/gcc/arm-none-eabi/10.3.1/thumb/v8-m.main+fp/hard\libgcc.a(_udivmoddi4.o)
                0x00000000080002a8                __udivmoddi4
 .text          0x0000000008000594        0x4 c:/st/stm32cubeide_1.11.0/stm32cubeide/plugins/com.st.stm32cube.ide.mcu.externaltools.gnu-tools-for-stm32.10.3-2021.10.win32_1.0.200.202301161003/tools/bin/../lib/gcc/arm-none-eabi/10.3.1/thumb/v8-m.main+fp/hard\libgcc.a(_dvmd_tls.o)
                0x0000000008000594                __aeabi_idiv0
                0x0000000008000594                __aeabi_ldiv0
 *(.text*)
 .text.main     0x0000000008000598       0x34 ./Core/Src/main.o
                0x0000000008000598                main
 .text.SystemClock_Config
                0x00000000080005cc       0x92 ./Core/Src/main.o
                0x00000000080005cc                SystemClock_Config
 .text.SystemPower_Config
                0x000000000800065e       0x18 ./Core/Src/main.o
 .text.MX_ICACHE_Init
                0x0000000008000676       0x26 ./Core/Src/main.o
 .text.MX_USART1_UART_Init
                0x000000000800069c       0x98 ./Core/Src/main.o
 .text.MX_GPIO_Init
                0x0000000008000734       0x34 ./Core/Src/main.o
 .text.Error_Handler
                0x0000000008000768        0xa ./Core/Src/main.o
                0x0000000008000768                Error_Handler
 .text.assert_failed
                0x0000000008000772       0x16 ./Core/Src/main.o
                0x0000000008000772                assert_failed
 .text.HAL_MspInit
                0x0000000008000788       0x38 ./Core/Src/stm32u5xx_hal_msp.o
                0x0000000008000788                HAL_MspInit
 .text.HAL_UART_MspInit
                0x00000000080007c0       0xd0 ./Core/Src/stm32u5xx_hal_msp.o
                0x00000000080007c0                HAL_UART_MspInit
 .text.NMI_Handler
                0x0000000008000890        0x6 ./Core/Src/stm32u5xx_it.o
                0x0000000008000890                NMI_Handler
 .text.HardFault_Handler
                0x0000000008000896        0x6 ./Core/Src/stm32u5xx_it.o
                0x0000000008000896                HardFault_Handler
 .text.MemManage_Handler
                0x000000000800089c        0x6 ./Core/Src/stm32u5xx_it.o
                0x000000000800089c                MemManage_Handler
 .text.BusFault_Handler
                0x00000000080008a2        0x6 ./Core/Src/stm32u5xx_it.o
                0x00000000080008a2                BusFault_Handler
 .text.UsageFault_Handler
                0x00000000080008a8        0x6 ./Core/Src/stm32u5xx_it.o
                0x00000000080008a8                UsageFault_Handler
 .text.SVC_Handler
                0x00000000080008ae        0xe ./Core/Src/stm32u5xx_it.o
                0x00000000080008ae                SVC_Handler
 .text.DebugMon_Handler
                0x00000000080008bc        0xe ./Core/Src/stm32u5xx_it.o
                0x00000000080008bc                DebugMon_Handler
 .text.PendSV_Handler
                0x00000000080008ca        0xe ./Core/Src/stm32u5xx_it.o
                0x00000000080008ca                PendSV_Handler
 .text.SysTick_Handler
                0x00000000080008d8        0xc ./Core/Src/stm32u5xx_it.o
                0x00000000080008d8                SysTick_Handler
 .text.SystemInit
                0x00000000080008e4       0x70 ./Core/Src/system_stm32u5xx.o
                0x00000000080008e4                SystemInit
 .text.Reset_Handler
                0x0000000008000954       0x50 ./Core/Startup/startup_stm32u575zitxq.o
                0x0000000008000954                Reset_Handler
 .text.Default_Handler
                0x00000000080009a4        0x2 ./Core/Startup/startup_stm32u575zitxq.o
                0x00000000080009a4                EXTI2_IRQHandler
                0x00000000080009a4                TIM8_TRG_COM_IRQHandler
                0x00000000080009a4                TIM8_CC_IRQHandler
                0x00000000080009a4                EXTI5_IRQHandler
                0x00000000080009a4                FLASH_S_IRQHandler
                0x00000000080009a4                EXTI13_IRQHandler
                0x00000000080009a4                TIM1_CC_IRQHandler
                0x00000000080009a4                TSC_IRQHandler
                0x00000000080009a4                TAMP_IRQHandler
                0x00000000080009a4                TIM6_IRQHandler
                0x00000000080009a4                EXTI12_IRQHandler
                0x00000000080009a4                CORDIC_IRQHandler
                0x00000000080009a4                EXTI3_IRQHandler
                0x00000000080009a4                LPTIM4_IRQHandler
                0x00000000080009a4                GPDMA1_Channel5_IRQHandler
                0x00000000080009a4                EXTI8_IRQHandler
                0x00000000080009a4                LPTIM2_IRQHandler
                0x00000000080009a4                I2C3_ER_IRQHandler
                0x00000000080009a4                PWR_S3WU_IRQHandler
                0x00000000080009a4                MDF1_FLT2_IRQHandler
                0x00000000080009a4                LPDMA1_Channel3_IRQHandler
                0x00000000080009a4                LPTIM3_IRQHandler
                0x00000000080009a4                EXTI0_IRQHandler
                0x00000000080009a4                I2C2_EV_IRQHandler
                0x00000000080009a4                FPU_IRQHandler
                0x00000000080009a4                GPDMA1_Channel3_IRQHandler
                0x00000000080009a4                GPDMA1_Channel7_IRQHandler
                0x00000000080009a4                MDF1_FLT4_IRQHandler
                0x00000000080009a4                FDCAN1_IT1_IRQHandler
                0x00000000080009a4                RAMCFG_IRQHandler
                0x00000000080009a4                GPDMA1_Channel9_IRQHandler
                0x00000000080009a4                DCACHE1_IRQHandler
                0x00000000080009a4                SPI1_IRQHandler
                0x00000000080009a4                OCTOSPI1_IRQHandler
                0x00000000080009a4                GPDMA1_Channel2_IRQHandler
                0x00000000080009a4                TIM8_UP_IRQHandler
                0x00000000080009a4                RCC_S_IRQHandler
                0x00000000080009a4                OCTOSPI2_IRQHandler
                0x00000000080009a4                SAI2_IRQHandler
                0x00000000080009a4                MDF1_FLT1_IRQHandler
                0x00000000080009a4                ADC1_IRQHandler
                0x00000000080009a4                MDF1_FLT5_IRQHandler
                0x00000000080009a4                EXTI15_IRQHandler
                0x00000000080009a4                TIM17_IRQHandler
                0x00000000080009a4                USART3_IRQHandler
                0x00000000080009a4                RTC_IRQHandler
                0x00000000080009a4                EXTI9_IRQHandler
                0x00000000080009a4                UART5_IRQHandler
                0x00000000080009a4                TIM4_IRQHandler
                0x00000000080009a4                I2C1_EV_IRQHandler
                0x00000000080009a4                GPDMA1_Channel12_IRQHandler
                0x00000000080009a4                GPDMA1_Channel1_IRQHandler
                0x00000000080009a4                TIM16_IRQHandler
                0x00000000080009a4                GPDMA1_Channel15_IRQHandler
                0x00000000080009a4                UART4_IRQHandler
                0x00000000080009a4                SecureFault_Handler
                0x00000000080009a4                TIM3_IRQHandler
                0x00000000080009a4                RCC_IRQHandler
                0x00000000080009a4                TIM1_TRG_COM_IRQHandler
                0x00000000080009a4                Default_Handler
                0x00000000080009a4                GPDMA1_Channel8_IRQHandler
                0x00000000080009a4                FMAC_IRQHandler
                0x00000000080009a4                GPDMA1_Channel11_IRQHandler
                0x00000000080009a4                TIM7_IRQHandler
                0x00000000080009a4                SDMMC1_IRQHandler
                0x00000000080009a4                TIM5_IRQHandler
                0x00000000080009a4                UCPD1_IRQHandler
                0x00000000080009a4                GPDMA1_Channel0_IRQHandler
                0x00000000080009a4                TIM15_IRQHandler
                0x00000000080009a4                I2C3_EV_IRQHandler
                0x00000000080009a4                LPDMA1_Channel0_IRQHandler
                0x00000000080009a4                PVD_PVM_IRQHandler
                0x00000000080009a4                SPI2_IRQHandler
                0x00000000080009a4                LPDMA1_Channel1_IRQHandler
                0x00000000080009a4                EXTI14_IRQHandler
                0x00000000080009a4                EXTI11_IRQHandler
                0x00000000080009a4                CRS_IRQHandler
                0x00000000080009a4                GPDMA1_Channel14_IRQHandler
                0x00000000080009a4                LSECSSD_IRQHandler
                0x00000000080009a4                EXTI4_IRQHandler
                0x00000000080009a4                RTC_S_IRQHandler
                0x00000000080009a4                GPDMA1_Channel13_IRQHandler
                0x00000000080009a4                RNG_IRQHandler
                0x00000000080009a4                COMP_IRQHandler
                0x00000000080009a4                TIM1_UP_IRQHandler
                0x00000000080009a4                ADC4_IRQHandler
                0x00000000080009a4                WWDG_IRQHandler
                0x00000000080009a4                I2C4_EV_IRQHandler
                0x00000000080009a4                ADF1_IRQHandler
                0x00000000080009a4                IWDG_IRQHandler
                0x00000000080009a4                LPUART1_IRQHandler
                0x00000000080009a4                MDF1_FLT0_IRQHandler
                0x00000000080009a4                FDCAN1_IT0_IRQHandler
                0x00000000080009a4                TIM2_IRQHandler
                0x00000000080009a4                GPDMA1_Channel4_IRQHandler
                0x00000000080009a4                EXTI7_IRQHandler
                0x00000000080009a4                DMA2D_IRQHandler
                0x00000000080009a4                TIM1_BRK_IRQHandler
                0x00000000080009a4                EXTI1_IRQHandler
                0x00000000080009a4                SDMMC2_IRQHandler
                0x00000000080009a4                DAC1_IRQHandler
                0x00000000080009a4                GTZC_IRQHandler
                0x00000000080009a4                MDF1_FLT3_IRQHandler
                0x00000000080009a4                USART2_IRQHandler
                0x00000000080009a4                GPDMA1_Channel6_IRQHandler
                0x00000000080009a4                I2C2_ER_IRQHandler
                0x00000000080009a4                TIM8_BRK_IRQHandler
                0x00000000080009a4                FLASH_IRQHandler
                0x00000000080009a4                USART1_IRQHandler
                0x00000000080009a4                EXTI10_IRQHandler
                0x00000000080009a4                OTG_FS_IRQHandler
                0x00000000080009a4                SPI3_IRQHandler
                0x00000000080009a4                LPDMA1_Channel2_IRQHandler
                0x00000000080009a4                I2C1_ER_IRQHandler
                0x00000000080009a4                FMC_IRQHandler
                0x00000000080009a4                EXTI6_IRQHandler
                0x00000000080009a4                LPTIM1_IRQHandler
                0x00000000080009a4                DCMI_PSSI_IRQHandler
                0x00000000080009a4                I2C4_ER_IRQHandler
                0x00000000080009a4                GPDMA1_Channel10_IRQHandler
                0x00000000080009a4                ICACHE_IRQHandler
                0x00000000080009a4                SAI1_IRQHandler
                0x00000000080009a4                HASH_IRQHandler
 *fill*         0x00000000080009a6        0x2 
 .text.HAL_Init
                0x00000000080009a8       0x5c ./Drivers/STM32U5xx_HAL_Driver/Src/stm32u5xx_hal.o
                0x00000000080009a8                HAL_Init
 .text.HAL_InitTick
                0x0000000008000a04       0x6c ./Drivers/STM32U5xx_HAL_Driver/Src/stm32u5xx_hal.o
                0x0000000008000a04                HAL_InitTick
 .text.HAL_IncTick
                0x0000000008000a70       0x28 ./Drivers/STM32U5xx_HAL_Driver/Src/stm32u5xx_hal.o
                0x0000000008000a70                HAL_IncTick
 .text.HAL_GetTick
                0x0000000008000a98       0x18 ./Drivers/STM32U5xx_HAL_Driver/Src/stm32u5xx_hal.o
                0x0000000008000a98                HAL_GetTick
 .text.__NVIC_SetPriorityGrouping
                0x0000000008000ab0       0x48 ./Drivers/STM32U5xx_HAL_Driver/Src/stm32u5xx_hal_cortex.o
 .text.__NVIC_GetPriorityGrouping
                0x0000000008000af8       0x1c ./Drivers/STM32U5xx_HAL_Driver/Src/stm32u5xx_hal_cortex.o
 .text.__NVIC_SetPriority
                0x0000000008000b14       0x54 ./Drivers/STM32U5xx_HAL_Driver/Src/stm32u5xx_hal_cortex.o
 .text.NVIC_EncodePriority
                0x0000000008000b68       0x66 ./Drivers/STM32U5xx_HAL_Driver/Src/stm32u5xx_hal_cortex.o
 *fill*         0x0000000008000bce        0x2 
 .text.SysTick_Config
                0x0000000008000bd0       0x44 ./Drivers/STM32U5xx_HAL_Driver/Src/stm32u5xx_hal_cortex.o
 .text.HAL_NVIC_SetPriorityGrouping
                0x0000000008000c14       0x40 ./Drivers/STM32U5xx_HAL_Driver/Src/stm32u5xx_hal_cortex.o
                0x0000000008000c14                HAL_NVIC_SetPriorityGrouping
 .text.HAL_NVIC_SetPriority
                0x0000000008000c54       0x54 ./Drivers/STM32U5xx_HAL_Driver/Src/stm32u5xx_hal_cortex.o
                0x0000000008000c54                HAL_NVIC_SetPriority
 .text.HAL_SYSTICK_Config
                0x0000000008000ca8       0x18 ./Drivers/STM32U5xx_HAL_Driver/Src/stm32u5xx_hal_cortex.o
                0x0000000008000ca8                HAL_SYSTICK_Config
 .text.HAL_GPIO_Init
                0x0000000008000cc0      0x860 ./Drivers/STM32U5xx_HAL_Driver/Src/stm32u5xx_hal_gpio.o
                0x0000000008000cc0                HAL_GPIO_Init
 .text.HAL_ICACHE_ConfigAssociativityMode
                0x0000000008001520       0x54 ./Drivers/STM32U5xx_HAL_Driver/Src/stm32u5xx_hal_icache.o
                0x0000000008001520                HAL_ICACHE_ConfigAssociativityMode
 .text.HAL_ICACHE_Enable
                0x0000000008001574       0x20 ./Drivers/STM32U5xx_HAL_Driver/Src/stm32u5xx_hal_icache.o
                0x0000000008001574                HAL_ICACHE_Enable
 .text.HAL_PWREx_ControlVoltageScaling
                0x0000000008001594      0x124 ./Drivers/STM32U5xx_HAL_Driver/Src/stm32u5xx_hal_pwr_ex.o
                0x0000000008001594                HAL_PWREx_ControlVoltageScaling
 .text.HAL_PWREx_GetVoltageRange
                0x00000000080016b8       0x1c ./Drivers/STM32U5xx_HAL_Driver/Src/stm32u5xx_hal_pwr_ex.o
                0x00000000080016b8                HAL_PWREx_GetVoltageRange
 .text.HAL_PWREx_ConfigSupply
                0x00000000080016d4       0xb4 ./Drivers/STM32U5xx_HAL_Driver/Src/stm32u5xx_hal_pwr_ex.o
                0x00000000080016d4                HAL_PWREx_ConfigSupply
 .text.HAL_RCC_OscConfig
                0x0000000008001788     0x123c ./Drivers/STM32U5xx_HAL_Driver/Src/stm32u5xx_hal_rcc.o
                0x0000000008001788                HAL_RCC_OscConfig
 .text.HAL_RCC_ClockConfig
                0x00000000080029c4      0x680 ./Drivers/STM32U5xx_HAL_Driver/Src/stm32u5xx_hal_rcc.o
                0x00000000080029c4                HAL_RCC_ClockConfig
 .text.HAL_RCC_GetSysClockFreq
                0x0000000008003044      0x210 ./Drivers/STM32U5xx_HAL_Driver/Src/stm32u5xx_hal_rcc.o
                0x0000000008003044                HAL_RCC_GetSysClockFreq
 .text.HAL_RCC_GetHCLKFreq
                0x0000000008003254       0x34 ./Drivers/STM32U5xx_HAL_Driver/Src/stm32u5xx_hal_rcc.o
                0x0000000008003254                HAL_RCC_GetHCLKFreq
 .text.HAL_RCC_GetPCLK1Freq
                0x0000000008003288       0x28 ./Drivers/STM32U5xx_HAL_Driver/Src/stm32u5xx_hal_rcc.o
                0x0000000008003288                HAL_RCC_GetPCLK1Freq
 .text.HAL_RCC_GetPCLK2Freq
                0x00000000080032b0       0x28 ./Drivers/STM32U5xx_HAL_Driver/Src/stm32u5xx_hal_rcc.o
                0x00000000080032b0                HAL_RCC_GetPCLK2Freq
 .text.HAL_RCC_GetPCLK3Freq
                0x00000000080032d8       0x28 ./Drivers/STM32U5xx_HAL_Driver/Src/stm32u5xx_hal_rcc.o
                0x00000000080032d8                HAL_RCC_GetPCLK3Freq
 .text.RCC_SetFlashLatencyFromMSIRange
                0x0000000008003300      0x10c ./Drivers/STM32U5xx_HAL_Driver/Src/stm32u5xx_hal_rcc.o
 .text.HAL_RCCEx_PeriphCLKConfig
                0x000000000800340c     0x1284 ./Drivers/STM32U5xx_HAL_Driver/Src/stm32u5xx_hal_rcc_ex.o
                0x000000000800340c                HAL_RCCEx_PeriphCLKConfig
 .text.HAL_RCCEx_GetPLL1ClockFreq
                0x0000000008004690      0x2d0 ./Drivers/STM32U5xx_HAL_Driver/Src/stm32u5xx_hal_rcc_ex.o
                0x0000000008004690                HAL_RCCEx_GetPLL1ClockFreq
 .text.HAL_RCCEx_GetPLL2ClockFreq
                0x0000000008004960      0x2d0 ./Drivers/STM32U5xx_HAL_Driver/Src/stm32u5xx_hal_rcc_ex.o
                0x0000000008004960                HAL_RCCEx_GetPLL2ClockFreq
 .text.HAL_RCCEx_GetPLL3ClockFreq
                0x0000000008004c30      0x2d0 ./Drivers/STM32U5xx_HAL_Driver/Src/stm32u5xx_hal_rcc_ex.o
                0x0000000008004c30                HAL_RCCEx_GetPLL3ClockFreq
 .text.HAL_RCCEx_GetPeriphCLKFreq
                0x0000000008004f00     0x13f4 ./Drivers/STM32U5xx_HAL_Driver/Src/stm32u5xx_hal_rcc_ex.o
                0x0000000008004f00                HAL_RCCEx_GetPeriphCLKFreq
 .text.RCCEx_PLL2_Config
                0x00000000080062f4      0x1d8 ./Drivers/STM32U5xx_HAL_Driver/Src/stm32u5xx_hal_rcc_ex.o
 .text.RCCEx_PLL3_Config
                0x00000000080064cc      0x1d8 ./Drivers/STM32U5xx_HAL_Driver/Src/stm32u5xx_hal_rcc_ex.o
 .text.HAL_UART_Init
                0x00000000080066a4      0x1e0 ./Drivers/STM32U5xx_HAL_Driver/Src/stm32u5xx_hal_uart.o
                0x00000000080066a4                HAL_UART_Init
 .text.HAL_UART_Transmit
                0x0000000008006884      0x13c ./Drivers/STM32U5xx_HAL_Driver/Src/stm32u5xx_hal_uart.o
                0x0000000008006884                HAL_UART_Transmit
 .text.UART_SetConfig
                0x00000000080069c0      0x508 ./Drivers/STM32U5xx_HAL_Driver/Src/stm32u5xx_hal_uart.o
                0x00000000080069c0                UART_SetConfig
 .text.UART_AdvFeatureConfig
                0x0000000008006ec8      0x300 ./Drivers/STM32U5xx_HAL_Driver/Src/stm32u5xx_hal_uart.o
                0x0000000008006ec8                UART_AdvFeatureConfig
 .text.UART_CheckIdleState
                0x00000000080071c8      0x154 ./Drivers/STM32U5xx_HAL_Driver/Src/stm32u5xx_hal_uart.o
                0x00000000080071c8                UART_CheckIdleState
 .text.UART_WaitOnFlagUntilTimeout
                0x000000000800731c       0xce ./Drivers/STM32U5xx_HAL_Driver/Src/stm32u5xx_hal_uart.o
                0x000000000800731c                UART_WaitOnFlagUntilTimeout
 .text.UART_EndRxTransfer
                0x00000000080073ea       0xcc ./Drivers/STM32U5xx_HAL_Driver/Src/stm32u5xx_hal_uart.o
 *fill*         0x00000000080074b6        0x2 
 .text.HAL_UARTEx_DisableFifoMode
                0x00000000080074b8      0x120 ./Drivers/STM32U5xx_HAL_Driver/Src/stm32u5xx_hal_uart_ex.o
                0x00000000080074b8                HAL_UARTEx_DisableFifoMode
 .text.HAL_UARTEx_SetTxFifoThreshold
                0x00000000080075d8      0x168 ./Drivers/STM32U5xx_HAL_Driver/Src/stm32u5xx_hal_uart_ex.o
                0x00000000080075d8                HAL_UARTEx_SetTxFifoThreshold
 .text.HAL_UARTEx_SetRxFifoThreshold
                0x0000000008007740      0x168 ./Drivers/STM32U5xx_HAL_Driver/Src/stm32u5xx_hal_uart_ex.o
                0x0000000008007740                HAL_UARTEx_SetRxFifoThreshold
 .text.UARTEx_SetNbDataToProcess
                0x00000000080078a8       0x9c ./Drivers/STM32U5xx_HAL_Driver/Src/stm32u5xx_hal_uart_ex.o
 .text.__libc_init_array
                0x0000000008007944       0x48 c:/st/stm32cubeide_1.11.0/stm32cubeide/plugins/com.st.stm32cube.ide.mcu.externaltools.gnu-tools-for-stm32.10.3-2021.10.win32_1.0.200.202301161003/tools/bin/../lib/gcc/arm-none-eabi/10.3.1/../../../../arm-none-eabi/lib/thumb/v8-m.main+fp/hard\libc_nano.a(lib_a-init.o)
                0x0000000008007944                __libc_init_array
 .text.memset   0x000000000800798c       0x10 c:/st/stm32cubeide_1.11.0/stm32cubeide/plugins/com.st.stm32cube.ide.mcu.externaltools.gnu-tools-for-stm32.10.3-2021.10.win32_1.0.200.202301161003/tools/bin/../lib/gcc/arm-none-eabi/10.3.1/../../../../arm-none-eabi/lib/thumb/v8-m.main+fp/hard\libc_nano.a(lib_a-memset.o)
                0x000000000800798c                memset
 *(.glue_7)
 .glue_7        0x000000000800799c        0x0 linker stubs
 *(.glue_7t)
 .glue_7t       0x000000000800799c        0x0 linker stubs
 *(.eh_frame)
 .eh_frame      0x000000000800799c        0x0 c:/st/stm32cubeide_1.11.0/stm32cubeide/plugins/com.st.stm32cube.ide.mcu.externaltools.gnu-tools-for-stm32.10.3-2021.10.win32_1.0.200.202301161003/tools/bin/../lib/gcc/arm-none-eabi/10.3.1/thumb/v8-m.main+fp/hard/crtbegin.o
 *(.init)
 .init          0x000000000800799c        0x4 c:/st/stm32cubeide_1.11.0/stm32cubeide/plugins/com.st.stm32cube.ide.mcu.externaltools.gnu-tools-for-stm32.10.3-2021.10.win32_1.0.200.202301161003/tools/bin/../lib/gcc/arm-none-eabi/10.3.1/thumb/v8-m.main+fp/hard/crti.o
                0x000000000800799c                _init
 .init          0x00000000080079a0        0x8 c:/st/stm32cubeide_1.11.0/stm32cubeide/plugins/com.st.stm32cube.ide.mcu.externaltools.gnu-tools-for-stm32.10.3-2021.10.win32_1.0.200.202301161003/tools/bin/../lib/gcc/arm-none-eabi/10.3.1/thumb/v8-m.main+fp/hard/crtn.o
 *(.fini)
 .fini          0x00000000080079a8        0x4 c:/st/stm32cubeide_1.11.0/stm32cubeide/plugins/com.st.stm32cube.ide.mcu.externaltools.gnu-tools-for-stm32.10.3-2021.10.win32_1.0.200.202301161003/tools/bin/../lib/gcc/arm-none-eabi/10.3.1/thumb/v8-m.main+fp/hard/crti.o
                0x00000000080079a8                _fini
 .fini          0x00000000080079ac        0x8 c:/st/stm32cubeide_1.11.0/stm32cubeide/plugins/com.st.stm32cube.ide.mcu.externaltools.gnu-tools-for-stm32.10.3-2021.10.win32_1.0.200.202301161003/tools/bin/../lib/gcc/arm-none-eabi/10.3.1/thumb/v8-m.main+fp/hard/crtn.o
                0x00000000080079b4                _etext = .

.vfp11_veneer   0x00000000080079b4        0x0
 .vfp11_veneer  0x00000000080079b4        0x0 linker stubs

.v4_bx          0x00000000080079b4        0x0
 .v4_bx         0x00000000080079b4        0x0 linker stubs

.iplt           0x00000000080079b4        0x0
 .iplt          0x00000000080079b4        0x0 c:/st/stm32cubeide_1.11.0/stm32cubeide/plugins/com.st.stm32cube.ide.mcu.externaltools.gnu-tools-for-stm32.10.3-2021.10.win32_1.0.200.202301161003/tools/bin/../lib/gcc/arm-none-eabi/10.3.1/thumb/v8-m.main+fp/hard/crtbegin.o

.rodata         0x00000000080079b4      0x2e8
 *(.rodata)
 .rodata        0x00000000080079b4        0xc ./Core/Src/main.o
 .rodata        0x00000000080079c0       0x3b ./Drivers/STM32U5xx_HAL_Driver/Src/stm32u5xx_hal_cortex.o
 *fill*         0x00000000080079fb        0x1 
 .rodata        0x00000000080079fc       0x39 ./Drivers/STM32U5xx_HAL_Driver/Src/stm32u5xx_hal_gpio.o
 *fill*         0x0000000008007a35        0x3 
 .rodata        0x0000000008007a38       0x3b ./Drivers/STM32U5xx_HAL_Driver/Src/stm32u5xx_hal_icache.o
 *fill*         0x0000000008007a73        0x1 
 .rodata        0x0000000008007a74       0x3b ./Drivers/STM32U5xx_HAL_Driver/Src/stm32u5xx_hal_pwr_ex.o
 *fill*         0x0000000008007aaf        0x1 
 .rodata        0x0000000008007ab0       0x38 ./Drivers/STM32U5xx_HAL_Driver/Src/stm32u5xx_hal_rcc.o
 .rodata        0x0000000008007ae8       0x3b ./Drivers/STM32U5xx_HAL_Driver/Src/stm32u5xx_hal_rcc_ex.o
 *fill*         0x0000000008007b23        0x1 
 .rodata        0x0000000008007b24       0x39 ./Drivers/STM32U5xx_HAL_Driver/Src/stm32u5xx_hal_uart.o
 *fill*         0x0000000008007b5d        0x3 
 .rodata        0x0000000008007b60       0x3c ./Drivers/STM32U5xx_HAL_Driver/Src/stm32u5xx_hal_uart_ex.o
 *(.rodata*)
 .rodata.AHBPrescTable
                0x0000000008007b9c       0x10 ./Core/Src/system_stm32u5xx.o
                0x0000000008007b9c                AHBPrescTable
 .rodata.APBPrescTable
                0x0000000008007bac        0x8 ./Core/Src/system_stm32u5xx.o
                0x0000000008007bac                APBPrescTable
 .rodata.MSIRangeTable
                0x0000000008007bb4       0x40 ./Core/Src/system_stm32u5xx.o
                0x0000000008007bb4                MSIRangeTable
 .rodata.LPGPIO_Map
                0x0000000008007bf4       0x80 ./Drivers/STM32U5xx_HAL_Driver/Src/stm32u5xx_hal_gpio.o
 .rodata.UARTPrescTable
                0x0000000008007c74       0x18 ./Drivers/STM32U5xx_HAL_Driver/Src/stm32u5xx_hal_uart.o
                0x0000000008007c74                UARTPrescTable
 .rodata.numerator.1
                0x0000000008007c8c        0x8 ./Drivers/STM32U5xx_HAL_Driver/Src/stm32u5xx_hal_uart_ex.o
 .rodata.denominator.0
                0x0000000008007c94        0x8 ./Drivers/STM32U5xx_HAL_Driver/Src/stm32u5xx_hal_uart_ex.o

.ARM.extab
 *(.ARM.extab* .gnu.linkonce.armextab.*)

.ARM            0x0000000008007c9c        0x8
                0x0000000008007c9c                __exidx_start = .
 *(.ARM.exidx*)
 .ARM.exidx     0x0000000008007c9c        0x8 c:/st/stm32cubeide_1.11.0/stm32cubeide/plugins/com.st.stm32cube.ide.mcu.externaltools.gnu-tools-for-stm32.10.3-2021.10.win32_1.0.200.202301161003/tools/bin/../lib/gcc/arm-none-eabi/10.3.1/thumb/v8-m.main+fp/hard\libgcc.a(_udivmoddi4.o)
                0x0000000008007ca4                __exidx_end = .

.rel.dyn        0x0000000008007ca4        0x0
 .rel.iplt      0x0000000008007ca4        0x0 c:/st/stm32cubeide_1.11.0/stm32cubeide/plugins/com.st.stm32cube.ide.mcu.externaltools.gnu-tools-for-stm32.10.3-2021.10.win32_1.0.200.202301161003/tools/bin/../lib/gcc/arm-none-eabi/10.3.1/thumb/v8-m.main+fp/hard/crtbegin.o

.preinit_array  0x0000000008007ca4        0x0
                0x0000000008007ca4                PROVIDE (__preinit_array_start = .)
 *(.preinit_array*)
                0x0000000008007ca4                PROVIDE (__preinit_array_end = .)

.init_array     0x0000000008007ca4        0x4
                0x0000000008007ca4                PROVIDE (__init_array_start = .)
 *(SORT_BY_NAME(.init_array.*))
 *(.init_array*)
 .init_array    0x0000000008007ca4        0x4 c:/st/stm32cubeide_1.11.0/stm32cubeide/plugins/com.st.stm32cube.ide.mcu.externaltools.gnu-tools-for-stm32.10.3-2021.10.win32_1.0.200.202301161003/tools/bin/../lib/gcc/arm-none-eabi/10.3.1/thumb/v8-m.main+fp/hard/crtbegin.o
                0x0000000008007ca8                PROVIDE (__init_array_end = .)

.fini_array     0x0000000008007ca8        0x4
                [!provide]                        PROVIDE (__fini_array_start = .)
 *(SORT_BY_NAME(.fini_array.*))
 *(.fini_array*)
 .fini_array    0x0000000008007ca8        0x4 c:/st/stm32cubeide_1.11.0/stm32cubeide/plugins/com.st.stm32cube.ide.mcu.externaltools.gnu-tools-for-stm32.10.3-2021.10.win32_1.0.200.202301161003/tools/bin/../lib/gcc/arm-none-eabi/10.3.1/thumb/v8-m.main+fp/hard/crtbegin.o
                [!provide]                        PROVIDE (__fini_array_end = .)
                0x0000000008007cac                _sidata = LOADADDR (.data)

.data           0x0000000020000000        0x9 load address 0x0000000008007cac
                0x0000000020000000                _sdata = .
 *(.data)
 *(.data*)
 .data.SystemCoreClock
                0x0000000020000000        0x4 ./Core/Src/system_stm32u5xx.o
                0x0000000020000000                SystemCoreClock
 .data.uwTickPrio
                0x0000000020000004        0x4 ./Drivers/STM32U5xx_HAL_Driver/Src/stm32u5xx_hal.o
                0x0000000020000004                uwTickPrio
 .data.uwTickFreq
                0x0000000020000008        0x1 ./Drivers/STM32U5xx_HAL_Driver/Src/stm32u5xx_hal.o
                0x0000000020000008                uwTickFreq
 *(.RamFunc)
 *(.RamFunc*)
                0x0000000020000009                _edata = .

.igot.plt       0x000000002000000c        0x0 load address 0x0000000008007cb5
 .igot.plt      0x000000002000000c        0x0 c:/st/stm32cubeide_1.11.0/stm32cubeide/plugins/com.st.stm32cube.ide.mcu.externaltools.gnu-tools-for-stm32.10.3-2021.10.win32_1.0.200.202301161003/tools/bin/../lib/gcc/arm-none-eabi/10.3.1/thumb/v8-m.main+fp/hard/crtbegin.o

.bss            0x000000002000000c       0xb4 load address 0x0000000008007cb5
                0x000000002000000c                _sbss = .
                0x000000002000000c                __bss_start__ = _sbss
 *(.bss)
 .bss           0x000000002000000c       0x1c c:/st/stm32cubeide_1.11.0/stm32cubeide/plugins/com.st.stm32cube.ide.mcu.externaltools.gnu-tools-for-stm32.10.3-2021.10.win32_1.0.200.202301161003/tools/bin/../lib/gcc/arm-none-eabi/10.3.1/thumb/v8-m.main+fp/hard/crtbegin.o
 *(.bss*)
 .bss.huart1    0x0000000020000028       0x94 ./Core/Src/main.o
                0x0000000020000028                huart1
 .bss.uwTick    0x00000000200000bc        0x4 ./Drivers/STM32U5xx_HAL_Driver/Src/stm32u5xx_hal.o
                0x00000000200000bc                uwTick
 *(COMMON)
                0x00000000200000c0                _ebss = .
                0x00000000200000c0                __bss_end__ = _ebss

._user_heap_stack
                0x00000000200000c0      0x600 load address 0x0000000008007cb5
                0x00000000200000c0                . = ALIGN (0x8)
                [!provide]                        PROVIDE (end = .)
                0x00000000200000c0                PROVIDE (_end = .)
                0x00000000200002c0                . = (. + _Min_Heap_Size)
 *fill*         0x00000000200000c0      0x200 
                0x00000000200006c0                . = (. + _Min_Stack_Size)
 *fill*         0x00000000200002c0      0x400 
                0x00000000200006c0                . = ALIGN (0x8)

/DISCARD/
 libc.a(*)
 libm.a(*)
 libgcc.a(*)

.ARM.attributes
                0x0000000000000000       0x36
 *(.ARM.attributes)
 .ARM.attributes
                0x0000000000000000       0x22 c:/st/stm32cubeide_1.11.0/stm32cubeide/plugins/com.st.stm32cube.ide.mcu.externaltools.gnu-tools-for-stm32.10.3-2021.10.win32_1.0.200.202301161003/tools/bin/../lib/gcc/arm-none-eabi/10.3.1/thumb/v8-m.main+fp/hard/crti.o
 .ARM.attributes
                0x0000000000000022       0x38 c:/st/stm32cubeide_1.11.0/stm32cubeide/plugins/com.st.stm32cube.ide.mcu.externaltools.gnu-tools-for-stm32.10.3-2021.10.win32_1.0.200.202301161003/tools/bin/../lib/gcc/arm-none-eabi/10.3.1/thumb/v8-m.main+fp/hard/crtbegin.o
 .ARM.attributes
                0x000000000000005a       0x3a ./Core/Src/main.o
 .ARM.attributes
                0x0000000000000094       0x3a ./Core/Src/stm32u5xx_hal_msp.o
 .ARM.attributes
                0x00000000000000ce       0x3a ./Core/Src/stm32u5xx_it.o
 .ARM.attributes
                0x0000000000000108       0x3a ./Core/Src/system_stm32u5xx.o
 .ARM.attributes
                0x0000000000000142       0x24 ./Core/Startup/startup_stm32u575zitxq.o
 .ARM.attributes
                0x0000000000000166       0x3a ./Drivers/STM32U5xx_HAL_Driver/Src/stm32u5xx_hal.o
 .ARM.attributes
                0x00000000000001a0       0x3a ./Drivers/STM32U5xx_HAL_Driver/Src/stm32u5xx_hal_cortex.o
 .ARM.attributes
                0x00000000000001da       0x3a ./Drivers/STM32U5xx_HAL_Driver/Src/stm32u5xx_hal_gpio.o
 .ARM.attributes
                0x0000000000000214       0x3a ./Drivers/STM32U5xx_HAL_Driver/Src/stm32u5xx_hal_icache.o
 .ARM.attributes
                0x000000000000024e       0x3a ./Drivers/STM32U5xx_HAL_Driver/Src/stm32u5xx_hal_pwr_ex.o
 .ARM.attributes
                0x0000000000000288       0x3a ./Drivers/STM32U5xx_HAL_Driver/Src/stm32u5xx_hal_rcc.o
 .ARM.attributes
                0x00000000000002c2       0x3a ./Drivers/STM32U5xx_HAL_Driver/Src/stm32u5xx_hal_rcc_ex.o
 .ARM.attributes
                0x00000000000002fc       0x3a ./Drivers/STM32U5xx_HAL_Driver/Src/stm32u5xx_hal_uart.o
 .ARM.attributes
                0x0000000000000336       0x3a ./Drivers/STM32U5xx_HAL_Driver/Src/stm32u5xx_hal_uart_ex.o
 .ARM.attributes
                0x0000000000000370       0x38 c:/st/stm32cubeide_1.11.0/stm32cubeide/plugins/com.st.stm32cube.ide.mcu.externaltools.gnu-tools-for-stm32.10.3-2021.10.win32_1.0.200.202301161003/tools/bin/../lib/gcc/arm-none-eabi/10.3.1/../../../../arm-none-eabi/lib/thumb/v8-m.main+fp/hard\libc_nano.a(lib_a-init.o)
 .ARM.attributes
                0x00000000000003a8       0x38 c:/st/stm32cubeide_1.11.0/stm32cubeide/plugins/com.st.stm32cube.ide.mcu.externaltools.gnu-tools-for-stm32.10.3-2021.10.win32_1.0.200.202301161003/tools/bin/../lib/gcc/arm-none-eabi/10.3.1/../../../../arm-none-eabi/lib/thumb/v8-m.main+fp/hard\libc_nano.a(lib_a-memset.o)
 .ARM.attributes
                0x00000000000003e0       0x22 c:/st/stm32cubeide_1.11.0/stm32cubeide/plugins/com.st.stm32cube.ide.mcu.externaltools.gnu-tools-for-stm32.10.3-2021.10.win32_1.0.200.202301161003/tools/bin/../lib/gcc/arm-none-eabi/10.3.1/thumb/v8-m.main+fp/hard\libgcc.a(_aeabi_uldivmod.o)
 .ARM.attributes
                0x0000000000000402       0x38 c:/st/stm32cubeide_1.11.0/stm32cubeide/plugins/com.st.stm32cube.ide.mcu.externaltools.gnu-tools-for-stm32.10.3-2021.10.win32_1.0.200.202301161003/tools/bin/../lib/gcc/arm-none-eabi/10.3.1/thumb/v8-m.main+fp/hard\libgcc.a(_udivmoddi4.o)
 .ARM.attributes
                0x000000000000043a       0x22 c:/st/stm32cubeide_1.11.0/stm32cubeide/plugins/com.st.stm32cube.ide.mcu.externaltools.gnu-tools-for-stm32.10.3-2021.10.win32_1.0.200.202301161003/tools/bin/../lib/gcc/arm-none-eabi/10.3.1/thumb/v8-m.main+fp/hard\libgcc.a(_dvmd_tls.o)
 .ARM.attributes
                0x000000000000045c       0x22 c:/st/stm32cubeide_1.11.0/stm32cubeide/plugins/com.st.stm32cube.ide.mcu.externaltools.gnu-tools-for-stm32.10.3-2021.10.win32_1.0.200.202301161003/tools/bin/../lib/gcc/arm-none-eabi/10.3.1/thumb/v8-m.main+fp/hard/crtn.o
OUTPUT(test_proj_112.elf elf32-littlearm)
LOAD linker stubs
LOAD c:/st/stm32cubeide_1.11.0/stm32cubeide/plugins/com.st.stm32cube.ide.mcu.externaltools.gnu-tools-for-stm32.10.3-2021.10.win32_1.0.200.202301161003/tools/bin/../lib/gcc/arm-none-eabi/10.3.1/../../../../arm-none-eabi/lib/thumb/v8-m.main+fp/hard\libc.a
LOAD c:/st/stm32cubeide_1.11.0/stm32cubeide/plugins/com.st.stm32cube.ide.mcu.externaltools.gnu-tools-for-stm32.10.3-2021.10.win32_1.0.200.202301161003/tools/bin/../lib/gcc/arm-none-eabi/10.3.1/../../../../arm-none-eabi/lib/thumb/v8-m.main+fp/hard\libm.a
LOAD c:/st/stm32cubeide_1.11.0/stm32cubeide/plugins/com.st.stm32cube.ide.mcu.externaltools.gnu-tools-for-stm32.10.3-2021.10.win32_1.0.200.202301161003/tools/bin/../lib/gcc/arm-none-eabi/10.3.1/thumb/v8-m.main+fp/hard\libgcc.a

.debug_info     0x0000000000000000     0xf2e7
 .debug_info    0x0000000000000000     0x1100 ./Core/Src/main.o
 .debug_info    0x0000000000001100     0x1225 ./Core/Src/stm32u5xx_hal_msp.o
 .debug_info    0x0000000000002325      0x137 ./Core/Src/stm32u5xx_it.o
 .debug_info    0x000000000000245c      0x8f2 ./Core/Src/system_stm32u5xx.o
 .debug_info    0x0000000000002d4e       0x22 ./Core/Startup/startup_stm32u575zitxq.o
 .debug_info    0x0000000000002d70     0x121e ./Drivers/STM32U5xx_HAL_Driver/Src/stm32u5xx_hal.o
 .debug_info    0x0000000000003f8e     0x15dd ./Drivers/STM32U5xx_HAL_Driver/Src/stm32u5xx_hal_cortex.o
 .debug_info    0x000000000000556b      0x901 ./Drivers/STM32U5xx_HAL_Driver/Src/stm32u5xx_hal_gpio.o
 .debug_info    0x0000000000005e6c      0x5c8 ./Drivers/STM32U5xx_HAL_Driver/Src/stm32u5xx_hal_icache.o
 .debug_info    0x0000000000006434      0xea1 ./Drivers/STM32U5xx_HAL_Driver/Src/stm32u5xx_hal_pwr_ex.o
 .debug_info    0x00000000000072d5     0x13eb ./Drivers/STM32U5xx_HAL_Driver/Src/stm32u5xx_hal_rcc.o
 .debug_info    0x00000000000086c0     0x16b4 ./Drivers/STM32U5xx_HAL_Driver/Src/stm32u5xx_hal_rcc_ex.o
 .debug_info    0x0000000000009d74     0x42af ./Drivers/STM32U5xx_HAL_Driver/Src/stm32u5xx_hal_uart.o
 .debug_info    0x000000000000e023     0x12c4 ./Drivers/STM32U5xx_HAL_Driver/Src/stm32u5xx_hal_uart_ex.o

.debug_abbrev   0x0000000000000000     0x1d7d
 .debug_abbrev  0x0000000000000000      0x289 ./Core/Src/main.o
 .debug_abbrev  0x0000000000000289      0x1fa ./Core/Src/stm32u5xx_hal_msp.o
 .debug_abbrev  0x0000000000000483       0x74 ./Core/Src/stm32u5xx_it.o
 .debug_abbrev  0x00000000000004f7      0x127 ./Core/Src/system_stm32u5xx.o
 .debug_abbrev  0x000000000000061e       0x12 ./Core/Startup/startup_stm32u575zitxq.o
 .debug_abbrev  0x0000000000000630      0x27e ./Drivers/STM32U5xx_HAL_Driver/Src/stm32u5xx_hal.o
 .debug_abbrev  0x00000000000008ae      0x339 ./Drivers/STM32U5xx_HAL_Driver/Src/stm32u5xx_hal_cortex.o
 .debug_abbrev  0x0000000000000be7      0x262 ./Drivers/STM32U5xx_HAL_Driver/Src/stm32u5xx_hal_gpio.o
 .debug_abbrev  0x0000000000000e49      0x24b ./Drivers/STM32U5xx_HAL_Driver/Src/stm32u5xx_hal_icache.o
 .debug_abbrev  0x0000000000001094      0x229 ./Drivers/STM32U5xx_HAL_Driver/Src/stm32u5xx_hal_pwr_ex.o
 .debug_abbrev  0x00000000000012bd      0x29d ./Drivers/STM32U5xx_HAL_Driver/Src/stm32u5xx_hal_rcc.o
 .debug_abbrev  0x000000000000155a      0x247 ./Drivers/STM32U5xx_HAL_Driver/Src/stm32u5xx_hal_rcc_ex.o
 .debug_abbrev  0x00000000000017a1      0x305 ./Drivers/STM32U5xx_HAL_Driver/Src/stm32u5xx_hal_uart.o
 .debug_abbrev  0x0000000000001aa6      0x2d7 ./Drivers/STM32U5xx_HAL_Driver/Src/stm32u5xx_hal_uart_ex.o

.debug_aranges  0x0000000000000000      0xbc8
 .debug_aranges
                0x0000000000000000       0x58 ./Core/Src/main.o
 .debug_aranges
                0x0000000000000058       0x30 ./Core/Src/stm32u5xx_hal_msp.o
 .debug_aranges
                0x0000000000000088       0x60 ./Core/Src/stm32u5xx_it.o
 .debug_aranges
                0x00000000000000e8       0x28 ./Core/Src/system_stm32u5xx.o
 .debug_aranges
                0x0000000000000110       0x28 ./Core/Startup/startup_stm32u575zitxq.o
 .debug_aranges
                0x0000000000000138      0x138 ./Drivers/STM32U5xx_HAL_Driver/Src/stm32u5xx_hal.o
 .debug_aranges
                0x0000000000000270      0x130 ./Drivers/STM32U5xx_HAL_Driver/Src/stm32u5xx_hal_cortex.o
 .debug_aranges
                0x00000000000003a0       0x78 ./Drivers/STM32U5xx_HAL_Driver/Src/stm32u5xx_hal_gpio.o
 .debug_aranges
                0x0000000000000418       0xa8 ./Drivers/STM32U5xx_HAL_Driver/Src/stm32u5xx_hal_icache.o
 .debug_aranges
                0x00000000000004c0      0x200 ./Drivers/STM32U5xx_HAL_Driver/Src/stm32u5xx_hal_pwr_ex.o
 .debug_aranges
                0x00000000000006c0       0xa8 ./Drivers/STM32U5xx_HAL_Driver/Src/stm32u5xx_hal_rcc.o
 .debug_aranges
                0x0000000000000768      0x160 ./Drivers/STM32U5xx_HAL_Driver/Src/stm32u5xx_hal_rcc_ex.o
 .debug_aranges
                0x00000000000008c8      0x248 ./Drivers/STM32U5xx_HAL_Driver/Src/stm32u5xx_hal_uart.o
 .debug_aranges
                0x0000000000000b10       0xb8 ./Drivers/STM32U5xx_HAL_Driver/Src/stm32u5xx_hal_uart_ex.o

.debug_ranges   0x0000000000000000      0xb20
 .debug_ranges  0x0000000000000000       0x48 ./Core/Src/main.o
 .debug_ranges  0x0000000000000048       0x20 ./Core/Src/stm32u5xx_hal_msp.o
 .debug_ranges  0x0000000000000068       0x50 ./Core/Src/stm32u5xx_it.o
 .debug_ranges  0x00000000000000b8       0x18 ./Core/Src/system_stm32u5xx.o
 .debug_ranges  0x00000000000000d0       0x20 ./Core/Startup/startup_stm32u575zitxq.o
 .debug_ranges  0x00000000000000f0      0x128 ./Drivers/STM32U5xx_HAL_Driver/Src/stm32u5xx_hal.o
 .debug_ranges  0x0000000000000218      0x120 ./Drivers/STM32U5xx_HAL_Driver/Src/stm32u5xx_hal_cortex.o
 .debug_ranges  0x0000000000000338       0x68 ./Drivers/STM32U5xx_HAL_Driver/Src/stm32u5xx_hal_gpio.o
 .debug_ranges  0x00000000000003a0       0x98 ./Drivers/STM32U5xx_HAL_Driver/Src/stm32u5xx_hal_icache.o
 .debug_ranges  0x0000000000000438      0x1f0 ./Drivers/STM32U5xx_HAL_Driver/Src/stm32u5xx_hal_pwr_ex.o
 .debug_ranges  0x0000000000000628       0x98 ./Drivers/STM32U5xx_HAL_Driver/Src/stm32u5xx_hal_rcc.o
 .debug_ranges  0x00000000000006c0      0x150 ./Drivers/STM32U5xx_HAL_Driver/Src/stm32u5xx_hal_rcc_ex.o
 .debug_ranges  0x0000000000000810      0x268 ./Drivers/STM32U5xx_HAL_Driver/Src/stm32u5xx_hal_uart.o
 .debug_ranges  0x0000000000000a78       0xa8 ./Drivers/STM32U5xx_HAL_Driver/Src/stm32u5xx_hal_uart_ex.o

.debug_macro    0x0000000000000000    0x30472
 .debug_macro   0x0000000000000000      0x29d ./Core/Src/main.o
 .debug_macro   0x000000000000029d      0xa7e ./Core/Src/main.o
 .debug_macro   0x0000000000000d1b      0x1e7 ./Core/Src/main.o
 .debug_macro   0x0000000000000f02       0x2e ./Core/Src/main.o
 .debug_macro   0x0000000000000f30       0x42 ./Core/Src/main.o
 .debug_macro   0x0000000000000f72       0x22 ./Core/Src/main.o
 .debug_macro   0x0000000000000f94       0x8e ./Core/Src/main.o
 .debug_macro   0x0000000000001022       0x51 ./Core/Src/main.o
 .debug_macro   0x0000000000001073      0x103 ./Core/Src/main.o
 .debug_macro   0x0000000000001176       0x6a ./Core/Src/main.o
 .debug_macro   0x00000000000011e0      0x1df ./Core/Src/main.o
 .debug_macro   0x00000000000013bf       0x1c ./Core/Src/main.o
 .debug_macro   0x00000000000013db       0x29 ./Core/Src/main.o
 .debug_macro   0x0000000000001404       0xfb ./Core/Src/main.o
 .debug_macro   0x00000000000014ff     0x1336 ./Core/Src/main.o
 .debug_macro   0x0000000000002835       0x5e ./Core/Src/main.o
 .debug_macro   0x0000000000002893    0x226de ./Core/Src/main.o
 .debug_macro   0x0000000000024f71       0x6d ./Core/Src/main.o
 .debug_macro   0x0000000000024fde     0x3882 ./Core/Src/main.o
 .debug_macro   0x0000000000028860      0x174 ./Core/Src/main.o
 .debug_macro   0x00000000000289d4       0x52 ./Core/Src/main.o
 .debug_macro   0x0000000000028a26       0x1e ./Core/Src/main.o
 .debug_macro   0x0000000000028a44       0x3c ./Core/Src/main.o
 .debug_macro   0x0000000000028a80       0x34 ./Core/Src/main.o
 .debug_macro   0x0000000000028ab4       0x16 ./Core/Src/main.o
 .debug_macro   0x0000000000028aca       0x43 ./Core/Src/main.o
 .debug_macro   0x0000000000028b0d       0x34 ./Core/Src/main.o
 .debug_macro   0x0000000000028b41       0x10 ./Core/Src/main.o
 .debug_macro   0x0000000000028b51       0x58 ./Core/Src/main.o
 .debug_macro   0x0000000000028ba9       0x71 ./Core/Src/main.o
 .debug_macro   0x0000000000028c1a       0x1c ./Core/Src/main.o
 .debug_macro   0x0000000000028c36      0x12a ./Core/Src/main.o
 .debug_macro   0x0000000000028d60      0x341 ./Core/Src/main.o
 .debug_macro   0x00000000000290a1      0x19b ./Core/Src/main.o
 .debug_macro   0x000000000002923c       0x5d ./Core/Src/main.o
 .debug_macro   0x0000000000029299     0x1b55 ./Core/Src/main.o
 .debug_macro   0x000000000002adee      0x7ff ./Core/Src/main.o
 .debug_macro   0x000000000002b5ed      0x15f ./Core/Src/main.o
 .debug_macro   0x000000000002b74c      0x29c ./Core/Src/main.o
 .debug_macro   0x000000000002b9e8       0xc8 ./Core/Src/main.o
 .debug_macro   0x000000000002bab0      0x5a5 ./Core/Src/main.o
 .debug_macro   0x000000000002c055      0x432 ./Core/Src/main.o
 .debug_macro   0x000000000002c487       0xd6 ./Core/Src/main.o
 .debug_macro   0x000000000002c55d      0x1cd ./Core/Src/main.o
 .debug_macro   0x000000000002c72a      0x432 ./Core/Src/main.o
 .debug_macro   0x000000000002cb5c       0x95 ./Core/Src/main.o
 .debug_macro   0x000000000002cbf1      0x11c ./Core/Src/main.o
 .debug_macro   0x000000000002cd0d      0x517 ./Core/Src/main.o
 .debug_macro   0x000000000002d224      0x4bf ./Core/Src/main.o
 .debug_macro   0x000000000002d6e3      0x677 ./Core/Src/main.o
 .debug_macro   0x000000000002dd5a      0x1a1 ./Core/Src/main.o
 .debug_macro   0x000000000002defb      0x1c0 ./Core/Src/main.o
 .debug_macro   0x000000000002e0bb      0x361 ./Core/Src/main.o
 .debug_macro   0x000000000002e41c       0x16 ./Core/Src/main.o
 .debug_macro   0x000000000002e432       0x35 ./Core/Src/main.o
 .debug_macro   0x000000000002e467       0x20 ./Core/Src/main.o
 .debug_macro   0x000000000002e487      0x26d ./Core/Src/stm32u5xx_hal_msp.o
 .debug_macro   0x000000000002e6f4      0x277 ./Core/Src/stm32u5xx_it.o
 .debug_macro   0x000000000002e96b      0x26a ./Core/Src/system_stm32u5xx.o
 .debug_macro   0x000000000002ebd5      0x287 ./Drivers/STM32U5xx_HAL_Driver/Src/stm32u5xx_hal.o
 .debug_macro   0x000000000002ee5c      0x263 ./Drivers/STM32U5xx_HAL_Driver/Src/stm32u5xx_hal_cortex.o
 .debug_macro   0x000000000002f0bf      0x298 ./Drivers/STM32U5xx_HAL_Driver/Src/stm32u5xx_hal_gpio.o
 .debug_macro   0x000000000002f357      0x293 ./Drivers/STM32U5xx_HAL_Driver/Src/stm32u5xx_hal_icache.o
 .debug_macro   0x000000000002f5ea      0x28e ./Drivers/STM32U5xx_HAL_Driver/Src/stm32u5xx_hal_pwr_ex.o
 .debug_macro   0x000000000002f878      0x369 ./Drivers/STM32U5xx_HAL_Driver/Src/stm32u5xx_hal_rcc.o
 .debug_macro   0x000000000002fbe1      0x394 ./Drivers/STM32U5xx_HAL_Driver/Src/stm32u5xx_hal_rcc_ex.o
 .debug_macro   0x000000000002ff75      0x28e ./Drivers/STM32U5xx_HAL_Driver/Src/stm32u5xx_hal_uart.o
 .debug_macro   0x0000000000030203      0x26f ./Drivers/STM32U5xx_HAL_Driver/Src/stm32u5xx_hal_uart_ex.o

.debug_line     0x0000000000000000     0xfef4
 .debug_line    0x0000000000000000      0x954 ./Core/Src/main.o
 .debug_line    0x0000000000000954      0x83d ./Core/Src/stm32u5xx_hal_msp.o
 .debug_line    0x0000000000001191      0x8a1 ./Core/Src/stm32u5xx_it.o
 .debug_line    0x0000000000001a32      0x8d7 ./Core/Src/system_stm32u5xx.o
 .debug_line    0x0000000000002309       0x88 ./Core/Startup/startup_stm32u575zitxq.o
 .debug_line    0x0000000000002391      0xc42 ./Drivers/STM32U5xx_HAL_Driver/Src/stm32u5xx_hal.o
 .debug_line    0x0000000000002fd3      0xef5 ./Drivers/STM32U5xx_HAL_Driver/Src/stm32u5xx_hal_cortex.o
 .debug_line    0x0000000000003ec8     0x11a9 ./Drivers/STM32U5xx_HAL_Driver/Src/stm32u5xx_hal_gpio.o
 .debug_line    0x0000000000005071      0xb60 ./Drivers/STM32U5xx_HAL_Driver/Src/stm32u5xx_hal_icache.o
 .debug_line    0x0000000000005bd1     0x140e ./Drivers/STM32U5xx_HAL_Driver/Src/stm32u5xx_hal_pwr_ex.o
 .debug_line    0x0000000000006fdf     0x195a ./Drivers/STM32U5xx_HAL_Driver/Src/stm32u5xx_hal_rcc.o
 .debug_line    0x0000000000008939     0x27e5 ./Drivers/STM32U5xx_HAL_Driver/Src/stm32u5xx_hal_rcc_ex.o
 .debug_line    0x000000000000b11e     0x3c41 ./Drivers/STM32U5xx_HAL_Driver/Src/stm32u5xx_hal_uart.o
 .debug_line    0x000000000000ed5f     0x1195 ./Drivers/STM32U5xx_HAL_Driver/Src/stm32u5xx_hal_uart_ex.o

.debug_str      0x0000000000000000   0x1304ba
 .debug_str     0x0000000000000000   0x129444 ./Core/Src/main.o
                                     0x129ff8 (size before relaxing)
 .debug_str     0x0000000000129444      0x441 ./Core/Src/stm32u5xx_hal_msp.o
                                     0x12a090 (size before relaxing)
 .debug_str     0x0000000000129885       0xc9 ./Core/Src/stm32u5xx_it.o
                                     0x129440 (size before relaxing)
 .debug_str     0x000000000012994e      0x1b8 ./Core/Src/system_stm32u5xx.o
                                     0x129785 (size before relaxing)
 .debug_str     0x0000000000129b06       0x37 ./Core/Startup/startup_stm32u575zitxq.o
                                         0x78 (size before relaxing)
 .debug_str     0x0000000000129b3d      0xe27 ./Drivers/STM32U5xx_HAL_Driver/Src/stm32u5xx_hal.o
                                     0x12a574 (size before relaxing)
 .debug_str     0x000000000012a964      0x3c9 ./Drivers/STM32U5xx_HAL_Driver/Src/stm32u5xx_hal_cortex.o
                                     0x12a374 (size before relaxing)
 .debug_str     0x000000000012ad2d      0x327 ./Drivers/STM32U5xx_HAL_Driver/Src/stm32u5xx_hal_gpio.o
                                     0x1297c9 (size before relaxing)
 .debug_str     0x000000000012b054      0x685 ./Drivers/STM32U5xx_HAL_Driver/Src/stm32u5xx_hal_icache.o
                                     0x129af9 (size before relaxing)
 .debug_str     0x000000000012b6d9      0x828 ./Drivers/STM32U5xx_HAL_Driver/Src/stm32u5xx_hal_pwr_ex.o
                                     0x129ec9 (size before relaxing)
 .debug_str     0x000000000012bf01     0x1301 ./Drivers/STM32U5xx_HAL_Driver/Src/stm32u5xx_hal_rcc.o
                                     0x12ae99 (size before relaxing)
 .debug_str     0x000000000012d202     0x25e8 ./Drivers/STM32U5xx_HAL_Driver/Src/stm32u5xx_hal_rcc_ex.o
                                     0x12c19e (size before relaxing)
 .debug_str     0x000000000012f7ea      0x993 ./Drivers/STM32U5xx_HAL_Driver/Src/stm32u5xx_hal_uart.o
                                     0x12a46b (size before relaxing)
 .debug_str     0x000000000013017d      0x33d ./Drivers/STM32U5xx_HAL_Driver/Src/stm32u5xx_hal_uart_ex.o
                                     0x129f1d (size before relaxing)

.comment        0x0000000000000000       0x50
 .comment       0x0000000000000000       0x50 ./Core/Src/main.o
                                         0x51 (size before relaxing)
 .comment       0x0000000000000050       0x51 ./Core/Src/stm32u5xx_hal_msp.o
 .comment       0x0000000000000050       0x51 ./Core/Src/stm32u5xx_it.o
 .comment       0x0000000000000050       0x51 ./Core/Src/system_stm32u5xx.o
 .comment       0x0000000000000050       0x51 ./Drivers/STM32U5xx_HAL_Driver/Src/stm32u5xx_hal.o
 .comment       0x0000000000000050       0x51 ./Drivers/STM32U5xx_HAL_Driver/Src/stm32u5xx_hal_cortex.o
 .comment       0x0000000000000050       0x51 ./Drivers/STM32U5xx_HAL_Driver/Src/stm32u5xx_hal_gpio.o
 .comment       0x0000000000000050       0x51 ./Drivers/STM32U5xx_HAL_Driver/Src/stm32u5xx_hal_icache.o
 .comment       0x0000000000000050       0x51 ./Drivers/STM32U5xx_HAL_Driver/Src/stm32u5xx_hal_pwr_ex.o
 .comment       0x0000000000000050       0x51 ./Drivers/STM32U5xx_HAL_Driver/Src/stm32u5xx_hal_rcc.o
 .comment       0x0000000000000050       0x51 ./Drivers/STM32U5xx_HAL_Driver/Src/stm32u5xx_hal_rcc_ex.o
 .comment       0x0000000000000050       0x51 ./Drivers/STM32U5xx_HAL_Driver/Src/stm32u5xx_hal_uart.o
 .comment       0x0000000000000050       0x51 ./Drivers/STM32U5xx_HAL_Driver/Src/stm32u5xx_hal_uart_ex.o

.debug_frame    0x0000000000000000     0x2f84
 .debug_frame   0x0000000000000000      0x110 ./Core/Src/main.o
 .debug_frame   0x0000000000000110       0x80 ./Core/Src/stm32u5xx_hal_msp.o
 .debug_frame   0x0000000000000190      0x104 ./Core/Src/stm32u5xx_it.o
 .debug_frame   0x0000000000000294       0x58 ./Core/Src/system_stm32u5xx.o
 .debug_frame   0x00000000000002ec      0x4b0 ./Drivers/STM32U5xx_HAL_Driver/Src/stm32u5xx_hal.o
 .debug_frame   0x000000000000079c      0x4fc ./Drivers/STM32U5xx_HAL_Driver/Src/stm32u5xx_hal_cortex.o
 .debug_frame   0x0000000000000c98      0x1d0 ./Drivers/STM32U5xx_HAL_Driver/Src/stm32u5xx_hal_gpio.o
 .debug_frame   0x0000000000000e68      0x284 ./Drivers/STM32U5xx_HAL_Driver/Src/stm32u5xx_hal_icache.o
 .debug_frame   0x00000000000010ec      0x810 ./Drivers/STM32U5xx_HAL_Driver/Src/stm32u5xx_hal_pwr_ex.o
 .debug_frame   0x00000000000018fc      0x27c ./Drivers/STM32U5xx_HAL_Driver/Src/stm32u5xx_hal_rcc.o
 .debug_frame   0x0000000000001b78      0x5dc ./Drivers/STM32U5xx_HAL_Driver/Src/stm32u5xx_hal_rcc_ex.o
 .debug_frame   0x0000000000002154      0xa7c ./Drivers/STM32U5xx_HAL_Driver/Src/stm32u5xx_hal_uart.o
 .debug_frame   0x0000000000002bd0      0x304 ./Drivers/STM32U5xx_HAL_Driver/Src/stm32u5xx_hal_uart_ex.o
 .debug_frame   0x0000000000002ed4       0x2c c:/st/stm32cubeide_1.11.0/stm32cubeide/plugins/com.st.stm32cube.ide.mcu.externaltools.gnu-tools-for-stm32.10.3-2021.10.win32_1.0.200.202301161003/tools/bin/../lib/gcc/arm-none-eabi/10.3.1/../../../../arm-none-eabi/lib/thumb/v8-m.main+fp/hard\libc_nano.a(lib_a-init.o)
 .debug_frame   0x0000000000002f00       0x20 c:/st/stm32cubeide_1.11.0/stm32cubeide/plugins/com.st.stm32cube.ide.mcu.externaltools.gnu-tools-for-stm32.10.3-2021.10.win32_1.0.200.202301161003/tools/bin/../lib/gcc/arm-none-eabi/10.3.1/../../../../arm-none-eabi/lib/thumb/v8-m.main+fp/hard\libc_nano.a(lib_a-memset.o)
 .debug_frame   0x0000000000002f20       0x2c c:/st/stm32cubeide_1.11.0/stm32cubeide/plugins/com.st.stm32cube.ide.mcu.externaltools.gnu-tools-for-stm32.10.3-2021.10.win32_1.0.200.202301161003/tools/bin/../lib/gcc/arm-none-eabi/10.3.1/thumb/v8-m.main+fp/hard\libgcc.a(_aeabi_uldivmod.o)
 .debug_frame   0x0000000000002f4c       0x38 c:/st/stm32cubeide_1.11.0/stm32cubeide/plugins/com.st.stm32cube.ide.mcu.externaltools.gnu-tools-for-stm32.10.3-2021.10.win32_1.0.200.202301161003/tools/bin/../lib/gcc/arm-none-eabi/10.3.1/thumb/v8-m.main+fp/hard\libgcc.a(_udivmoddi4.o)
